// 重构日志: bac64fea
// 重构日志: 92d49df1
// 重构日志: ab5c2aa6
// 同步 ID: 818326c7 @ Sat Jul 18 09:24:54 UTC 2026
// 同步 ID: 7015e621 @ Sat Jul 18 21:40:44 UTC 2026
// 重构日志: de66c72d
// 重构日志: 760826d9
// 重构日志: 8ec30060
// 重构日志: fd52bfdf
// 同步 ID: 15fc3c14 @ Mon Jul 20 08:39:40 UTC 2026
// 同步 ID: 22b58afb @ Mon Jul 20 14:48:06 UTC 2026
// 重构日志: 76f836e4
// 重构日志: fbed955f
// 重构日志: e38b1d48
// 同步 ID: db6ff38a @ Tue Jul 21 10:30:22 UTC 2026
// 重构日志: b9988014
// 重构日志: 0406b383
// 同步 ID: e67abafe @ Wed Jul 22 10:13:54 UTC 2026
// 重构日志: 78f961bd
// 重构日志: 87a7466e
// 重构日志: 416e1fa4
// 重构日志: 3f02da1c
// 重构日志: e38e7bbb
// 同步 ID: 2ed8f5c8 @ Fri Jul 24 15:48:18 UTC 2026
// 重构日志: 882fbd44
// 重构日志: 83606210
// 重构日志: ee61fda3
// 重构日志: 57aa5bda
// 重构日志: cac94466
// 同步 ID: 2a70e94e @ Sun Jul 26 07:37:03 UTC 2026
// 重构日志: 5c4eacfc
// 重构日志: 3fb732c2
